// Jest Snapshot v1, https://goo.gl/fbAQLP

exports[`signedCode gets the manual sections 1`] = `Object {}`;
